
Eleazar Grillet@ELEAZAR-GRILLET MINGW64 /d/CURSO FULL STACK DEV/Actividad 1 Git/ejercicio 8 (main|REVERTING)
$ git log
commit f9f98975e5baabc026dd1d4209aede10008fe10e (HEAD -> main)
Author: Eleazar Grillet <egrillet.valera@gmail.com>
Date:   Tue Aug 22 20:19:21 2023 -0400

    Revert "feat: nota 5"

    This reverts commit 6cd61536e518135a29d8cf0473037b382fd70aca.

commit 6cd61536e518135a29d8cf0473037b382fd70aca (origin/main)
Author: Eleazar Grillet <egrillet.valera@gmail.com>
Date:   Tue Aug 22 20:13:15 2023 -0400

    feat: nota 5

commit e84b69754ebc1355add326ba4e2bd00ebad9090b
Author: Eleazar Grillet <egrillet.valera@gmail.com>
Date:   Tue Aug 22 20:12:59 2023 -0400

    feat: nota 4

commit b076787135ff3296621c6bf9e1ff7fde2dc75c49
Author: Eleazar Grillet <egrillet.valera@gmail.com>
Date:   Tue Aug 22 20:12:42 2023 -0400

    feat: nota 3

commit cecd9068bfd435e39310bf479d72ba608f0a36de
Author: Eleazar Grillet <egrillet.valera@gmail.com>
Date:   Tue Aug 22 20:12:25 2023 -0400

    feat: nota 2

commit f83ad67de1580ae21be49d6d6c1380cb7e39693d
Author: Eleazar Grillet <egrillet.valera@gmail.com>
Date:   Tue Aug 22 20:11:59 2023 -0400

    feat: nota 1

Eleazar Grillet@ELEAZAR-GRILLET MINGW64 /d/CURSO FULL STACK DEV/Actividad 1 Git/ejercicio 8 (main|REVERTING)
$ git status
On branch main
Your branch is ahead of 'origin/main' by 1 commit.
  (use "git push" to publish your local commits)

Revert currently in progress.
  (run "git revert --continue" to continue)
  (use "git revert --skip" to skip this patch)
  (use "git revert --abort" to cancel the revert operation)

nothing to commit, working tree clean

Eleazar Grillet@ELEAZAR-GRILLET MINGW64 /d/CURSO FULL STACK DEV/Actividad 1 Git/ejercicio 8 (main|REVERTING)
$ git commit --amend -m "feat: volvimos al commit anterior"
[main b5daf53] feat: volvimos al commit anterior
 Date: Tue Aug 22 20:19:21 2023 -0400
 1 file changed, 0 insertions(+), 0 deletions(-)
 delete mode 100644 nota_5.txt

Eleazar Grillet@ELEAZAR-GRILLET MINGW64 /d/CURSO FULL STACK DEV/Actividad 1 Git/ejercicio 8 (main|REVERTING)
$ git push -u origin main
Enumerating objects: 3, done.
Counting objects: 100% (3/3), done.
Delta compression using up to 8 threads
Compressing objects: 100% (2/2), done.
Writing objects: 100% (2/2), 247 bytes | 247.00 KiB/s, done.
Total 2 (delta 1), reused 0 (delta 0), pack-reused 0
remote: Resolving deltas: 100% (1/1), completed with 1 local object.
To https://github.com/Egrillet89/git_h-8.git
   6cd6153..b5daf53  main -> main
branch 'main' set up to track 'origin/main'.

Eleazar Grillet@ELEAZAR-GRILLET MINGW64 /d/CURSO FULL STACK DEV/Actividad 1 Git/ejercicio 8 (main|REVERTING)
$ git log
commit b5daf53bd59805d13d476f26b8b91a8df81361ef (HEAD -> main, origin/main)
Author: Eleazar Grillet <egrillet.valera@gmail.com>
Date:   Tue Aug 22 20:19:21 2023 -0400

    feat: volvimos al commit anterior

commit 6cd61536e518135a29d8cf0473037b382fd70aca
Author: Eleazar Grillet <egrillet.valera@gmail.com>
Date:   Tue Aug 22 20:13:15 2023 -0400

    feat: nota 5

commit e84b69754ebc1355add326ba4e2bd00ebad9090b
Author: Eleazar Grillet <egrillet.valera@gmail.com>
Date:   Tue Aug 22 20:12:59 2023 -0400

    feat: nota 4

commit b076787135ff3296621c6bf9e1ff7fde2dc75c49
Author: Eleazar Grillet <egrillet.valera@gmail.com>
Date:   Tue Aug 22 20:12:42 2023 -0400

    feat: nota 3

commit cecd9068bfd435e39310bf479d72ba608f0a36de
Author: Eleazar Grillet <egrillet.valera@gmail.com>
Date:   Tue Aug 22 20:12:25 2023 -0400

    feat: nota 2

commit f83ad67de1580ae21be49d6d6c1380cb7e39693d
Author: Eleazar Grillet <egrillet.valera@gmail.com>
Date:   Tue Aug 22 20:11:59 2023 -0400

    feat: nota 1

Eleazar Grillet@ELEAZAR-GRILLET MINGW64 /d/CURSO FULL STACK DEV/Actividad 1 Git/ejercicio 8 (main|REVERTING)
$
